#-----------------------------------------------------------
# Vivado v2023.1 (64-bit)
# SW Build 3865809 on Sun May  7 15:05:29 MDT 2023
# IP Build 3864474 on Sun May  7 20:36:21 MDT 2023
# SharedData Build 3865790 on Sun May 07 13:33:03 MDT 2023
# Start of session at: Sat Oct 14 17:25:04 2023
# Process ID: 146168
# Current directory: C:/Users/devin/Desktop/ENEL453_Labs
# Command line: vivado.exe -mode tcl
# Log file: C:/Users/devin/Desktop/ENEL453_Labs/vivado.log
# Journal file: C:/Users/devin/Desktop/ENEL453_Labs\vivado.jou
# Running On: egg, OS: Windows, CPU Frequency: 3893 MHz, CPU Physical cores: 12, Host memory: 68020 MB
#-----------------------------------------------------------
create_project temp_project ./temp_project -part xc7a35tcpg236-1 -in_memory -force
read_verilog -sv ..\\SRC\\for_students\\top_level.sv
read_verilog -sv ..\\SRC\\for_students\\timer.sv
read_verilog -sv ..\\SRC\\for_students\\time_counter.sv
read_verilog -sv ..\\SRC\\for_students\\segment_mux.sv
read_verilog -sv ..\\SRC\\for_students\\clock_divider.sv
read_verilog -sv ..\\SRC\\for_students\\display_driver.sv
read_verilog -sv ..\\SRC\\for_students\\sevenseg4ddriver.sv
read_verilog -sv ..\\SRC\\for_students\\pwm_module.sv
read_verilog -sv ..\\SRC\\for_students\\bcd_binary.sv
read_verilog -sv ..\\SRC\\for_students\\debounce_wrapper.sv
read_verilog -sv ..\\SRC\\for_students\\debounce.sv
read_verilog -sv ..\\SRC\\for_students\\double_dabble.sv
