Copyright 1986-2022 Xilinx, Inc. All Rights Reserved. Copyright 2022-2023 Advanced Micro Devices, Inc. All Rights Reserved.
---------------------------------------------------------------------------------------------------------------------------------------------
| Tool Version : Vivado v.2023.1 (win64) Build 3865809 Sun May  7 15:05:29 MDT 2023
| Date         : Tue Aug 29 14:54:24 2023
| Host         : Devin-I2Sense running 64-bit major release  (build 9200)
| Command      : report_utilization -hierarchical -file utilization_hierarchical.rpt
| Design       : top
| Device       : xc7a35tcpg236-1
| Speed File   : -1
| Design State : Routed
---------------------------------------------------------------------------------------------------------------------------------------------

Utilization Design Information

Table of Contents
-----------------
1. Utilization by Hierarchy

1. Utilization by Hierarchy
---------------------------

+-----------------------+----------------+------------+------------+---------+------+-----+--------+--------+------------+
|        Instance       |     Module     | Total LUTs | Logic LUTs | LUTRAMs | SRLs | FFs | RAMB36 | RAMB18 | DSP Blocks |
+-----------------------+----------------+------------+------------+---------+------+-----+--------+--------+------------+
| top                   |          (top) |         18 |         18 |       0 |    0 |  49 |      0 |      0 |          0 |
|   (top)               |          (top) |          0 |          0 |       0 |    0 |   0 |      0 |      0 |          0 |
|   clock_divider_inst  |  clock_divider |         14 |         14 |       0 |    0 |  46 |      0 |      0 |          0 |
|   display_driver_inst | display_driver |          4 |          4 |       0 |    0 |   3 |      0 |      0 |          0 |
|     persistence_mux   |    segment_mux |          4 |          4 |       0 |    0 |   3 |      0 |      0 |          0 |
+-----------------------+----------------+------------+------------+---------+------+-----+--------+--------+------------+
* Note: The sum of lower-level cells may be larger than their parent cells total, due to cross-hierarchy LUT combining


