Copyright 1986-2022 Xilinx, Inc. All Rights Reserved. Copyright 2022-2023 Advanced Micro Devices, Inc. All Rights Reserved.
---------------------------------------------------------------------------------------------------------------------------------------------
| Tool Version : Vivado v.2023.1 (win64) Build 3865809 Sun May  7 15:05:29 MDT 2023
| Date         : Thu Sep 14 11:59:58 2023
| Host         : Devin-I2Sense running 64-bit major release  (build 9200)
| Command      : report_utilization -hierarchical -file utilization_hierarchical.rpt
| Design       : top
| Device       : xc7a35tcpg236-1
| Speed File   : -1
| Design State : Routed
---------------------------------------------------------------------------------------------------------------------------------------------

Utilization Design Information

Table of Contents
-----------------
1. Utilization by Hierarchy

1. Utilization by Hierarchy
---------------------------

+--------------------------------------------+-------------------------+------------+------------+---------+------+-----+--------+--------+------------+
|                  Instance                  |          Module         | Total LUTs | Logic LUTs | LUTRAMs | SRLs | FFs | RAMB36 | RAMB18 | DSP Blocks |
+--------------------------------------------+-------------------------+------------+------------+---------+------+-----+--------+--------+------------+
| top                                        |                   (top) |        211 |        211 |       0 |    0 | 302 |      0 |      0 |          0 |
|   (top)                                    |                   (top) |          0 |          0 |       0 |    0 |   0 |      0 |      0 |          0 |
|   clock_divider_inst                       |           clock_divider |         17 |         17 |       0 |    0 |  46 |      0 |      0 |          0 |
|   debounce_wrapper                         |        debounce_wrapper |         66 |         66 |       0 |    0 |  88 |      0 |      0 |          0 |
|     debounce_instances[0].generic_debounce |                debounce |         17 |         17 |       0 |    0 |  22 |      0 |      0 |          0 |
|     debounce_instances[1].generic_debounce |              debounce_2 |         16 |         16 |       0 |    0 |  22 |      0 |      0 |          0 |
|     debounce_instances[3].generic_debounce |              debounce_3 |         16 |         16 |       0 |    0 |  22 |      0 |      0 |          0 |
|     debounce_instances[4].generic_debounce |              debounce_4 |         17 |         17 |       0 |    0 |  22 |      0 |      0 |          0 |
|   display_driver_inst                      |          display_driver |         49 |         49 |       0 |    0 | 111 |      0 |      0 |          0 |
|     (display_driver_inst)                  |          display_driver |          0 |          0 |       0 |    0 |  16 |      0 |      0 |          0 |
|     double_dabble_minutes                  |            doubleDabble |          7 |          7 |       0 |    0 |  35 |      0 |      0 |          0 |
|     double_dabble_seconds                  |          doubleDabble_1 |          7 |          7 |       0 |    0 |  35 |      0 |      0 |          0 |
|     seg_driver                             |        sevenseg4ddriver |         35 |         35 |       0 |    0 |  25 |      0 |      0 |          0 |
|       clk_reducer                          |              pwm_module |          9 |          9 |       0 |    0 |  21 |      0 |      0 |          0 |
|       persistence_mux                      |             segment_mux |         26 |         26 |       0 |    0 |   4 |      0 |      0 |          0 |
|   stopwatch_timer_wrapper_inst             | stopwatch_timer_wrapper |         78 |         78 |       0 |    0 |  51 |      0 |      0 |          0 |
|     my_stopwatch                           |               stopwatch |         37 |         37 |       0 |    0 |  23 |      0 |      0 |          0 |
|       (my_stopwatch)                       |               stopwatch |          0 |          0 |       0 |    0 |   1 |      0 |      0 |          0 |
|       timer                                |          time_counter_0 |         37 |         37 |       0 |    0 |  22 |      0 |      0 |          0 |
|     my_timer                               |                   timer |         41 |         41 |       0 |    0 |  28 |      0 |      0 |          0 |
|       (my_timer)                           |                   timer |          2 |          2 |       0 |    0 |   3 |      0 |      0 |          0 |
|       timer                                |            time_counter |         39 |         39 |       0 |    0 |  25 |      0 |      0 |          0 |
|   uut                                      |        blinking_display |          2 |          2 |       0 |    0 |   6 |      0 |      0 |          0 |
+--------------------------------------------+-------------------------+------------+------------+---------+------+-----+--------+--------+------------+
* Note: The sum of lower-level cells may be larger than their parent cells total, due to cross-hierarchy LUT combining


